// Jest Snapshot v1, https://goo.gl/fbAQLP

exports[`icon render test? 1`] = `
<svg
  className="czUi-icon"
>
  <use
    xlinkHref="#alipay"
  />
</svg>
`;
